legId,startingAirport,destinationAirport,travelDuration,segmentsDepartureAirportCode
4624bcbbbd6aebb2af6d0b3480dcef38,OAK,LGA,742,OAK||SLC||COS||ORD
